../Core/Src/main.c:119:6:updateBuffer	24	static
../Core/Src/main.c:145:6:WS2812_Send	8	static
../Core/Src/main.c:153:6:HAL_TIM_PWM_PulseFinishedCallback	16	static
../Core/Src/main.c:168:5:main	32	static
../Core/Src/main.c:250:6:SystemClock_Config	88	static
../Core/Src/main.c:296:13:MX_I2C1_Init	8	static
../Core/Src/main.c:344:13:MX_TIM17_Init	88	static
../Core/Src/main.c:407:13:MX_USART2_UART_Init	8	static
../Core/Src/main.c:441:13:MX_DMA_Init	16	static
../Core/Src/main.c:459:13:MX_GPIO_Init	48	static
../Core/Src/main.c:506:6:UART_Flush	16	static
../Core/Src/main.c:525:6:set_gpio_column	24	static
../Core/Src/main.c:543:6:set_gpio_line	24	static
../Core/Src/main.c:560:9:read_reed_value	16	static
../Core/Src/main.c:576:6:read_full_board	32	static
../Core/Src/main.c:601:6:Error_Handler	8	static,ignoring_inline_asm
