../Core/Src/main.c:113:5:main	3280	static
../Core/Src/main.c:183:6:SystemClock_Config	88	static
../Core/Src/main.c:229:13:MX_I2C1_Init	8	static
../Core/Src/main.c:277:13:MX_TIM17_Init	88	static
../Core/Src/main.c:340:13:MX_USART2_UART_Init	8	static
../Core/Src/main.c:374:13:MX_DMA_Init	16	static
../Core/Src/main.c:392:13:MX_GPIO_Init	48	static
../Core/Src/main.c:448:6:HAL_TIM_PWM_Send_To_DMA	16	static
../Core/Src/main.c:459:6:HAL_TIM_PWM_PulseFinishedCallback	16	static
../Core/Src/main.c:471:6:UART_Flush	16	static
../Core/Src/main.c:490:6:set_gpio_column	24	static
../Core/Src/main.c:507:6:set_gpio_line	24	static
../Core/Src/main.c:524:9:read_reed_value	16	static
../Core/Src/main.c:537:6:read_full_board	32	static
../Core/Src/main.c:561:9:convert_reed_index_to_led_index	16	static
../Core/Src/main.c:576:6:Error_Handler	8	static,ignoring_inline_asm
