../Core/Src/main.c:128:13:uart_write	8	static
../Core/Src/main.c:307:6:SystemClock_Config	80	static,ignoring_inline_asm
../Core/Src/main.c:573:6:HAL_TIM_PWM_Send_To_DMA	16	static
../Core/Src/main.c:584:6:HAL_TIM_PWM_PulseFinishedCallback	8	static
../Core/Src/main.c:596:6:HAL_UART_RxCpltCallback	8	static
../Core/Src/main.c:612:6:UART_Flush	0	static
../Core/Src/main.c:631:9:is_a_piece_lift	32	static
../Core/Src/main.c:647:9:is_a_piece_placed	32	static
../Core/Src/main.c:663:9:are_bitamps_the_same	32	static
../Core/Src/main.c:677:6:set_gpio_column	24	static
../Core/Src/main.c:694:6:set_gpio_line	24	static
../Core/Src/main.c:711:9:read_reed_value	16	static
../Core/Src/main.c:724:6:read_full_board	40	static
../Core/Src/main.c:748:6:leds_clear	0	static
../Core/Src/main.c:147:5:main	3824	static,ignoring_inline_asm
../Core/Src/main.c:759:6:led_set	8	static
../Core/Src/main.c:771:6:Error_Handler	0	static,ignoring_inline_asm
