../Core/Src/main.c:144:13:uart_write	8	static
../Core/Src/main.c:325:6:SystemClock_Config	80	static,ignoring_inline_asm
../Core/Src/main.c:591:6:HAL_TIM_PWM_Send_To_DMA	16	static
../Core/Src/main.c:602:6:HAL_TIM_PWM_PulseFinishedCallback	8	static
../Core/Src/main.c:614:6:HAL_UART_RxCpltCallback	8	static
../Core/Src/main.c:630:6:UART_Flush	0	static
../Core/Src/main.c:646:9:is_board_at_init_setup	16	static
../Core/Src/main.c:668:9:is_a_piece_lift	32	static
../Core/Src/main.c:684:9:is_a_piece_placed	32	static
../Core/Src/main.c:700:9:are_bitamps_the_same	32	static
../Core/Src/main.c:714:6:set_gpio_column	24	static
../Core/Src/main.c:731:6:set_gpio_line	24	static
../Core/Src/main.c:748:9:read_reed_value	16	static
../Core/Src/main.c:761:6:read_full_board	40	static
../Core/Src/main.c:785:6:leds_clear	0	static
../Core/Src/main.c:796:6:led_set	24	static
../Core/Src/main.c:803:6:led_show_win	32	static
../Core/Src/main.c:821:6:led_show_draw	8	static
../Core/Src/main.c:163:5:main	3816	static,ignoring_inline_asm
../Core/Src/main.c:840:6:Error_Handler	0	static,ignoring_inline_asm
