../Core/Src/main.c:141:13:uart_write	8	static
../Core/Src/main.c:349:6:SystemClock_Config	80	static,ignoring_inline_asm
../Core/Src/main.c:650:6:HAL_TIM_PWM_Send_To_DMA	16	static
../Core/Src/main.c:661:6:HAL_TIM_PWM_PulseFinishedCallback	8	static
../Core/Src/main.c:673:6:HAL_UART_RxCpltCallback	8	static
../Core/Src/main.c:689:6:UART_Flush	0	static
../Core/Src/main.c:705:9:is_board_at_init_setup	16	static
../Core/Src/main.c:727:9:is_a_piece_lift	32	static
../Core/Src/main.c:743:9:is_a_piece_placed	32	static
../Core/Src/main.c:759:9:are_bitamps_the_same	32	static
../Core/Src/main.c:773:6:set_gpio_column	24	static
../Core/Src/main.c:790:6:set_gpio_line	24	static
../Core/Src/main.c:807:9:read_reed_value	16	static
../Core/Src/main.c:820:6:read_full_board	40	static
../Core/Src/main.c:844:6:leds_clear	0	static
../Core/Src/main.c:855:6:led_set	24	static
../Core/Src/main.c:615:6:hsv_to_rgb	48	static
../Core/Src/main.c:160:5:main	3824	static,ignoring_inline_asm
../Core/Src/main.c:867:6:Error_Handler	0	static,ignoring_inline_asm
