../Core/Src/main.c:157:13:uart_write	8	static
../Core/Src/main.c:425:6:SystemClock_Config	80	static,ignoring_inline_asm
../Core/Src/main.c:643:6:HAL_TIM_PWM_Send_To_DMA	16	static
../Core/Src/main.c:654:6:HAL_TIM_PWM_PulseFinishedCallback	8	static
../Core/Src/main.c:666:6:HAL_UART_RxCpltCallback	8	static
../Core/Src/main.c:681:6:UART_Flush	0	static
../Core/Src/main.c:700:9:is_board_at_init_setup	16	static
../Core/Src/main.c:722:9:is_a_piece_lift	32	static
../Core/Src/main.c:738:9:is_a_piece_placed	32	static
../Core/Src/main.c:755:6:set_gpio_column	24	static
../Core/Src/main.c:774:6:set_gpio_line	24	static
../Core/Src/main.c:802:9:read_reed_value	24	static,ignoring_inline_asm
../Core/Src/main.c:815:6:read_full_board	32	static
../Core/Src/main.c:838:6:init_palette	20	static
../Core/Src/main.c:861:6:generate_frame	48	static
../Core/Src/main.c:877:6:led_show_grid	32	static
../Core/Src/main.c:895:6:led_show_win	32	static
../Core/Src/main.c:914:6:led_show_draw	32	static
../Core/Src/main.c:174:5:main	3760	static,ignoring_inline_asm
../Core/Src/main.c:935:6:Error_Handler	0	static,ignoring_inline_asm
