../Core/Src/main.c:121:6:updateBuffer	24	static
../Core/Src/main.c:147:6:WS2812_Send	8	static
../Core/Src/main.c:155:6:HAL_TIM_PWM_PulseFinishedCallback	16	static
../Core/Src/main.c:170:5:main	40	static
../Core/Src/main.c:237:6:SystemClock_Config	88	static
../Core/Src/main.c:283:13:MX_I2C1_Init	8	static
../Core/Src/main.c:331:13:MX_TIM17_Init	88	static
../Core/Src/main.c:394:13:MX_USART2_UART_Init	8	static
../Core/Src/main.c:428:13:MX_DMA_Init	16	static
../Core/Src/main.c:446:13:MX_GPIO_Init	48	static
../Core/Src/main.c:499:6:UART_Flush	16	static
../Core/Src/main.c:518:6:set_gpio_column	24	static
../Core/Src/main.c:536:6:set_gpio_line	24	static
../Core/Src/main.c:553:9:read_reed_value	16	static
../Core/Src/main.c:580:6:read_full_board	32	static
../Core/Src/main.c:602:9:convert_reed_index_to_led_index	16	static
../Core/Src/main.c:616:6:Error_Handler	8	static,ignoring_inline_asm
