../Core/Src/main.c:156:13:uart_write	8	static
../Core/Src/main.c:407:6:SystemClock_Config	80	static,ignoring_inline_asm
../Core/Src/main.c:625:6:HAL_TIM_PWM_Send_To_DMA	16	static
../Core/Src/main.c:636:6:HAL_TIM_PWM_PulseFinishedCallback	8	static
../Core/Src/main.c:648:6:HAL_UART_RxCpltCallback	8	static
../Core/Src/main.c:663:6:UART_Flush	0	static
../Core/Src/main.c:682:9:is_board_at_init_setup	16	static
../Core/Src/main.c:704:9:is_a_piece_lift	32	static
../Core/Src/main.c:720:9:is_a_piece_placed	32	static
../Core/Src/main.c:736:6:set_gpio_column	24	static
../Core/Src/main.c:755:6:set_gpio_line	24	static
../Core/Src/main.c:779:9:read_reed_value	24	static,ignoring_inline_asm
../Core/Src/main.c:791:6:read_full_board	32	static
../Core/Src/main.c:814:6:init_palette	20	static
../Core/Src/main.c:837:6:generate_frame	48	static
../Core/Src/main.c:853:6:led_show_grid	32	static
../Core/Src/main.c:869:6:led_show_win	32	static
../Core/Src/main.c:887:6:led_show_draw	32	static
../Core/Src/main.c:173:5:main	3760	static,ignoring_inline_asm
../Core/Src/main.c:908:6:Error_Handler	0	static,ignoring_inline_asm
